// Jest Snapshot v1, https://jestjs.io/docs/snapshot-testing

exports[`WorkflowAppInputsView matches snapshot 1`] = `
<div>
  <div
    class="ant-layout mt-4 rounded border flex flex-col gap-2 p-3 bg-transparent h-full overflow-y-auto css-dev-only-do-not-override-l9pxc0"
  >
    <div
      class="flex-shrink-0 mb-4"
    >
      <h5
        class="ant-typography css-dev-only-do-not-override-l9pxc0"
      >
        Inputs
      </h5>
      <div
        class="flex flex-col gap-2"
      >
        <div
          class="flex gap-4"
        >
          <div
            class="flex-1 flex flex-col gap-1"
          >
            <span
              class="ant-typography text-sm font-normal css-dev-only-do-not-override-l9pxc0"
            >
              input1
            </span>
            <input
              class="ant-input css-dev-only-do-not-override-l9pxc0 ant-input-outlined"
              placeholder="Enter input1"
              type="text"
              value="test value 1"
            />
          </div>
          <div
            class="flex-1 flex flex-col gap-1"
          >
            <span
              class="ant-typography text-sm font-normal css-dev-only-do-not-override-l9pxc0"
            >
              input2
            </span>
            <input
              class="ant-input css-dev-only-do-not-override-l9pxc0 ant-input-outlined"
              placeholder="Enter input2"
              type="text"
              value="test value 2"
            />
          </div>
        </div>
      </div>
    </div>
    <div
      class="flex gap-2 flex-shrink-0 mb-4"
    >
      <button
        class="ant-btn css-dev-only-do-not-override-l9pxc0 ant-btn-primary ant-btn-color-primary ant-btn-variant-solid flex-1"
        type="button"
      >
        <span
          class="ant-btn-icon"
        >
          <span
            aria-label="send"
            class="anticon anticon-send"
            role="img"
          >
            <svg
              aria-hidden="true"
              data-icon="send"
              fill="currentColor"
              focusable="false"
              height="1em"
              viewBox="64 64 896 896"
              width="1em"
            >
              <defs>
                <style />
              </defs>
              <path
                d="M931.4 498.9L94.9 79.5c-3.4-1.7-7.3-2.1-11-1.2a15.99 15.99 0 00-11.7 19.3l86.2 352.2c1.3 5.3 5.2 9.6 10.4 11.3l147.7 50.7-147.6 50.7c-5.2 1.8-9.1 6-10.3 11.3L72.2 926.5c-.9 3.7-.5 7.6 1.2 10.9 3.9 7.9 13.5 11.1 21.5 7.2l836.5-417c3.1-1.5 5.6-4.1 7.2-7.1 3.9-8 .7-17.6-7.2-21.6zM170.8 826.3l50.3-205.6 295.2-101.3c2.3-.8 4.2-2.6 5-5 1.4-4.2-.8-8.7-5-10.2L221.1 403 171 198.2l628 314.9-628.2 313.2z"
              />
            </svg>
          </span>
        </span>
        <span>
          Run Workflow
        </span>
      </button>
      <button
        class="ant-btn css-dev-only-do-not-override-l9pxc0 ant-btn-default ant-btn-color-default ant-btn-variant-outlined ant-btn-icon-only ant-dropdown-trigger"
        type="button"
      >
        <span
          class="ant-btn-icon"
        >
          <span
            aria-label="more"
            class="anticon anticon-more"
            role="img"
          >
            <svg
              aria-hidden="true"
              data-icon="more"
              fill="currentColor"
              focusable="false"
              height="1em"
              viewBox="64 64 896 896"
              width="1em"
            >
              <path
                d="M456 231a56 56 0 10112 0 56 56 0 10-112 0zm0 280a56 56 0 10112 0 56 56 0 10-112 0zm0 280a56 56 0 10112 0 56 56 0 10-112 0z"
              />
            </svg>
          </span>
        </span>
      </button>
    </div>
    <div
      class="flex flex-col bg-white rounded-lg shadow-lg min-h-[200px] relative mb-4 self-stretch flex-1"
    >
      <div
        class="prose prose-lg max-w-none text-xs p-4 pb-12 w-full leading-relaxed font-sans"
        id="crew-output-content"
      >
        <div
          data-testid="markdown"
        >
          Test workflow output with **markdown**
        </div>
      </div>
      <button
        class="ant-btn css-dev-only-do-not-override-l9pxc0 ant-btn-text ant-btn-color-default ant-btn-variant-text ant-btn-icon-only absolute bottom-4 right-4 bg-white shadow-lg rounded-full w-8 h-8 flex items-center justify-center border-none"
        type="button"
      >
        <span
          class="ant-btn-icon"
        >
          <span
            aria-label="download"
            class="anticon anticon-download"
            role="img"
          >
            <svg
              aria-hidden="true"
              data-icon="download"
              fill="currentColor"
              focusable="false"
              height="1em"
              viewBox="64 64 896 896"
              width="1em"
            >
              <path
                d="M505.7 661a8 8 0 0012.6 0l112-141.7c4.1-5.2.4-12.9-6.3-12.9h-74.1V168c0-4.4-3.6-8-8-8h-60c-4.4 0-8 3.6-8 8v338.3H400c-6.7 0-10.4 7.7-6.3 12.9l112 141.8zM878 626h-60c-4.4 0-8 3.6-8 8v154H214V634c0-4.4-3.6-8-8-8h-60c-4.4 0-8 3.6-8 8v198c0 17.7 14.3 32 32 32h684c17.7 0 32-14.3 32-32V634c0-4.4-3.6-8-8-8z"
              />
            </svg>
          </span>
        </span>
      </button>
    </div>
  </div>
</div>
`;
